Running throtl/004
dd: error writing '/dev/dev_nullb': Input/output error
1
Test complete
